/Users/joshuatenbrink/Library/Python/3.9/lib/python/site-packages/boto3/compat.py:89: PythonDeprecationWarning: Boto3 will no longer support Python 3.9 starting April 29, 2026. To continue receiving service updates, bug fixes, and security updates please upgrade to Python 3.10 or later. More information can be found here: https://aws.amazon.com/blogs/developer/python-support-policy-updates-for-aws-sdks-and-tools/
  warnings.warn(warning, PythonDeprecationWarning)
=== WildPhotography Batch 187 ===
Start: 2026-06-17T05:13:02.490074Z

GALLERY: Costa-Rica-Travel-Tourism → gallery_id=27 slug=costa-rica-travel-tourism
GALLERY: Dominical-and-Uvita → gallery_id=31 slug=dominical-and-uvita
GALLERY: Escazu-Costa-Rica → gallery_id=32 slug=escazu-costa-rica
GALLERY: Flora-Fauna → gallery_id=34 slug=flora-fauna
GALLERY: Flowers-plants-trees → gallery_id=35 slug=flowers-plants-trees

Folders seen: 5
Folders matched to existing galleries: 5
Processing 5 folders, max 15 photos per folder...

--- Processing: Costa-Rica-Travel-Tourism ---
  Existing hashes in gallery 27: 163
  Total images found: 61
  Imported 0 new photos from Costa-Rica-Travel-Tourism (15 dupes, 0 collisions)

--- Processing: Dominical-and-Uvita ---
  Existing hashes in gallery 31: 130
  Total images found: 50
  Imported 0 new photos from Dominical-and-Uvita (15 dupes, 0 collisions)

--- Processing: Escazu-Costa-Rica ---
  Existing hashes in gallery 32: 340
  Total images found: 149
  Imported 0 new photos from Escazu-Costa-Rica (15 dupes, 0 collisions)

--- Processing: Flora-Fauna ---
  Existing hashes in gallery 34: 195
  Total images found: 64
  Imported 0 new photos from Flora-Fauna (15 dupes, 0 collisions)

--- Processing: Flowers-plants-trees ---
  Existing hashes in gallery 35: 677
  Total images found: 224
  Imported 7 new photos from Flowers-plants-trees (8 dupes, 0 collisions)

==================================================
BATCH 187 SUMMARY
==================================================
folders_processed: 5
folders_seen: ['Costa-Rica-Travel-Tourism', 'Dominical-and-Uvita', 'Escazu-Costa-Rica', 'Flora-Fauna', 'Flowers-plants-trees']
folders_with_existing_gallery_match: ['Costa-Rica-Travel-Tourism', 'Dominical-and-Uvita', 'Escazu-Costa-Rica', 'Flora-Fauna', 'Flowers-plants-trees']
folders_skipped_no_existing_gallery: []
folders_skipped_ambiguous_mapping: []
files_skipped_unmapped_gallery: 0
files_imported_to_existing_galleries: 7
duplicates_skipped: 68
filename_collisions_renamed: 0
originals_uploaded: 7
derivatives_generated: 35
seo_metadata_generated: 0
seo_titles_generated: 0
og_images_set: 0
skipped_existing_high_quality: 0
repaired_prior_collision_records: 0
ready_for_public_render: 7
search_ready: 7
failed_files: 0
failed_file_paths: []
existing_gallery_ids_used: [32, 34, 35, 27, 31]
per_gallery: {'Costa-Rica-Travel-Tourism': {'total_on_disk': 61, 'new': 0, 'duplicates': 15, 'filename_collisions': 0, 'status': 'fully_imported'}, 'Dominical-and-Uvita': {'total_on_disk': 50, 'new': 0, 'duplicates': 15, 'filename_collisions': 0, 'status': 'fully_imported'}, 'Escazu-Costa-Rica': {'total_on_disk': 149, 'new': 0, 'duplicates': 15, 'filename_collisions': 0, 'status': 'fully_imported'}, 'Flora-Fauna': {'total_on_disk': 64, 'new': 0, 'duplicates': 15, 'filename_collisions': 0, 'status': 'fully_imported'}, 'Flowers-plants-trees': {'total_on_disk': 224, 'new': 7, 'duplicates': 8, 'filename_collisions': 0, 'status': 'new_import'}}

Complete: 2026-06-17T05:13:39.750245Z
EXIT:0
