/Users/joshuatenbrink/Library/Python/3.9/lib/python/site-packages/boto3/compat.py:89: PythonDeprecationWarning: Boto3 will no longer support Python 3.9 starting April 29, 2026. To continue receiving service updates, bug fixes, and security updates please upgrade to Python 3.10 or later. More information can be found here: https://aws.amazon.com/blogs/developer/python-support-policy-updates-for-aws-sdks-and-tools/
  warnings.warn(warning, PythonDeprecationWarning)
=== WildPhotography Batch 188 ===
Start: 2026-06-17T05:16:44.280583Z

GALLERY: Flying-in-Costa-Rica → gallery_id=36 slug=flying-in-costa-rica
GALLERY: Food- → gallery_id=37 slug=food
GALLERY: Forests-of-Costa-Rica → gallery_id=38 slug=forests-of-costa-rica
GALLERY: Guanacaste-Costa-Rica-Travel-and-Tourism → gallery_id=40 slug=guanacaste-costa-rica-travel-and-tourism
GALLERY: Jaco-Beach → gallery_id=48 slug=jaco-beach

Folders seen: 5
Folders matched to existing galleries: 5
Processing 5 folders, max 15 photos per folder...

--- Processing: Flying-in-Costa-Rica ---
  Existing hashes in gallery 36: 97
  Total images found: 24
  Imported 3 new photos from Flying-in-Costa-Rica (12 dupes, 0 collisions)

--- Processing: Food- ---
  Existing hashes in gallery 37: 1300
  Total images found: 386
  Imported 0 new photos from Food- (15 dupes, 0 collisions)

--- Processing: Forests-of-Costa-Rica ---
  Existing hashes in gallery 38: 29
  Total images found: 7
  Imported 1 new photos from Forests-of-Costa-Rica (6 dupes, 0 collisions)

--- Processing: Guanacaste-Costa-Rica-Travel-and-Tourism ---
  Existing hashes in gallery 40: 189
  Total images found: 68
  Imported 0 new photos from Guanacaste-Costa-Rica-Travel-and-Tourism (15 dupes, 0 collisions)

--- Processing: Jaco-Beach ---
  Existing hashes in gallery 48: 1403
  Total images found: 447
  Imported 0 new photos from Jaco-Beach (15 dupes, 0 collisions)

==================================================
BATCH 188 SUMMARY
==================================================
folders_processed: 5
folders_seen: ['Flying-in-Costa-Rica', 'Food-', 'Forests-of-Costa-Rica', 'Guanacaste-Costa-Rica-Travel-and-Tourism', 'Jaco-Beach']
folders_with_existing_gallery_match: ['Flying-in-Costa-Rica', 'Food-', 'Forests-of-Costa-Rica', 'Guanacaste-Costa-Rica-Travel-and-Tourism', 'Jaco-Beach']
folders_skipped_no_existing_gallery: []
folders_skipped_ambiguous_mapping: []
files_skipped_unmapped_gallery: 0
files_imported_to_existing_galleries: 4
duplicates_skipped: 63
filename_collisions_renamed: 0
originals_uploaded: 4
derivatives_generated: 20
seo_metadata_generated: 0
seo_titles_generated: 0
og_images_set: 0
skipped_existing_high_quality: 0
repaired_prior_collision_records: 0
ready_for_public_render: 4
search_ready: 4
failed_files: 0
failed_file_paths: []
existing_gallery_ids_used: [36, 37, 38, 40, 48]
per_gallery: {'Flying-in-Costa-Rica': {'total_on_disk': 24, 'new': 3, 'duplicates': 12, 'filename_collisions': 0, 'status': 'new_import'}, 'Food-': {'total_on_disk': 386, 'new': 0, 'duplicates': 15, 'filename_collisions': 0, 'status': 'fully_imported'}, 'Forests-of-Costa-Rica': {'total_on_disk': 7, 'new': 1, 'duplicates': 6, 'filename_collisions': 0, 'status': 'new_import'}, 'Guanacaste-Costa-Rica-Travel-and-Tourism': {'total_on_disk': 68, 'new': 0, 'duplicates': 15, 'filename_collisions': 0, 'status': 'fully_imported'}, 'Jaco-Beach': {'total_on_disk': 447, 'new': 0, 'duplicates': 15, 'filename_collisions': 0, 'status': 'fully_imported'}}

Complete: 2026-06-17T05:17:08.778108Z
EXIT:0
