=== WildPhotography Metadata Quality Enrichment ===
Timestamp: 2026-06-03T05:24:11.644425+00:00

--- Fixing short/generic titles ---
  Titles improved: 85
    id=71862 'Cl0A7376' -> 'Gallery Macaws Lapas'
    id=71920 'Dji 0339 001' -> 'Gallery Macaws Lapas'
    id=71949 'Dji 0809 2' -> 'Gallery Macaws Lapas'
    id=71956 'Img 0469' -> 'Gallery Macaws Lapas'
    id=71958 'Img 0510' -> 'Gallery Macaws Lapas'

--- Filling missing keywords ---
  Keywords improved: 72
    id=88256 'None' -> 'Costa Rica, wildlife photography, nature photography'
    id=88257 'None' -> 'Costa Rica, wildlife photography, nature photography'
    id=88258 'None' -> 'Costa Rica, wildlife photography, nature photography'
    id=88259 'None' -> 'Costa Rica, wildlife photography, nature photography'
    id=88260 'None' -> 'Costa Rica, wildlife photography, nature photography'

--- Fixing short descriptions ---
  Descriptions improved: 100
    id=72472 'China Asia' -> 'Professional wildlife photograph from Costa Rica, Costa Rica...'
    id=35096 'A landscape photographed at Montezuma, Costa Rica.' -> 'Professional wildlife photograph from Puntarenas, Costa Rica...'
    id=35098 'A landscape photographed at Montezuma, Costa Rica.' -> 'Professional wildlife photograph from Puntarenas, Costa Rica...'
    id=72468 'China Asia' -> 'Professional wildlife photograph from Costa Rica, Costa Rica...'
    id=35113 'A landscape photographed at Montezuma, Costa Rica.' -> 'Professional wildlife photograph from Puntarenas, Costa Rica...'

=== SUMMARY ===
Total improvements: 257
  Titles fixed: 85
  Keywords filled: 72
  Descriptions fixed: 100

Results saved: /Users/joshuatenbrink/.openclaw/workspace/wildphotography/inventory/wild_metadata_quality_enrichment_result.json
