2026-04-28 04:53:21,751 INFO === WildPhotography Typesense Reconciliation (FIXED) ===
2026-04-28 04:53:21,751 INFO 
2026-04-28 04:53:22,062 INFO [1] Typesense current doc count: 34324
2026-04-28 04:53:22,062 INFO [2] Loading eligible Neon docs...
2026-04-28 04:53:23,963 INFO     Eligible Neon docs: 34393
2026-04-28 04:53:23,963 INFO [3] Drift before reconcile: 69 (eligible=34393, TS=34324)
2026-04-28 04:53:23,963 INFO [4] Exporting Typesense docs to identify stale...
2026-04-28 04:53:26,110 INFO     TS docs: 34324, Stale: 0, Missing: 69
2026-04-28 04:53:26,111 INFO [5] No stale docs to remove
2026-04-28 04:53:26,111 INFO [6] Adding 69 missing docs...
2026-04-28 04:53:26,497 WARNING     Error batch 1: Field `keywords` must be a string.
2026-04-28 04:53:26,497 WARNING     Error batch 1: Field `keywords` must be a string.
2026-04-28 04:53:26,497 WARNING     Error batch 1: Field `keywords` must be a string.
2026-04-28 04:53:26,497 INFO   Batch 1/1: 0 ok, 69 errors
2026-04-28 04:53:26,947 INFO     Missing added: 0, errors: 69
2026-04-28 04:53:29,449 INFO 
2026-04-28 04:53:29,450 INFO === Reconciliation Complete ===
2026-04-28 04:53:29,450 INFO   Eligible Neon:     34393
2026-04-28 04:53:29,450 INFO   TS before:         34324
2026-04-28 04:53:29,450 INFO   Stale removed:     0
2026-04-28 04:53:29,450 INFO   Missing added:     0
2026-04-28 04:53:29,450 INFO   TS after:          34324
2026-04-28 04:53:29,450 INFO   Drift before:      69
2026-04-28 04:53:29,450 INFO   Drift after:       69
2026-04-28 04:53:29,450 INFO   Duration:          7.7s
2026-04-28 04:53:29,450 INFO   Report: /Users/joshuatenbrink/.openclaw/workspace/wildphotography/logs/typesense_reconcile_20260428T105329Z.json
